
> nextn@0.1.0 build C:\Users\Administrator\.gemini\antigravity\scratch\merge_repos\Pandorasbox\backend
> next build && node scripts/post-build-fix.js

   Γû▓ Next.js 15.5.9
   - Environments: .env.local

   Creating an optimized production build ...
 Γ£ô Compiled successfully in 10.5s
   Skipping linting
   Checking validity of types ...
node.exe : Failed to compile.
At C:\Program Files\nodejs\pnpm.ps1:16 char:5
+     & "$basedir/node$exe"  "$basedir/node_modules/corepack/dist/pnpm. ...
+     ~~~~~~~~~~~~~~~~~~~~~~~~~~~~~~~~~~~~~~~~~~~~~~~~~~~~~~~~~~~~~~~~~
    + CategoryInfo          : NotSpecified: (Failed to compile.:String) [], RemoteException
    + FullyQualifiedErrorId : NativeCommandError
 

./src/app/chat/page.tsx:237:22
Type error: Type 'import("C:/Users/Administrator/.gemini/antigravity/scratch/merge_repos/Pandorasbox/backend/src/lib/ll
m/llm-client").ChatMessage[]' is not assignable to type 'import("C:/Users/Administrator/.gemini/antigravity/scratch/mer
ge_repos/Pandorasbox/backend/src/components/chat/ChatWindow").ChatMessage[]'.
  Type 'import("C:/Users/Administrator/.gemini/antigravity/scratch/merge_repos/Pandorasbox/backend/src/lib/llm/llm-clie
nt").ChatMessage' is not assignable to type 'import("C:/Users/Administrator/.gemini/antigravity/scratch/merge_repos/Pan
dorasbox/backend/src/components/chat/ChatWindow").ChatMessage'.
    Types of property 'role' are incompatible.
      Type '"user" | "system" | "assistant"' is not assignable to type '"user" | "assistant"'.
        Type '"system"' is not assignable to type '"user" | "assistant"'.

[0m [90m 235 |[39m       {[90m/* Message List - Scrollable area */[39m}
 [90m 236 |[39m       [33m<[39m[33mdiv[39m className[33m=[39m[32m"flex-1 overflow-y-auto"[39m[33m>[39m
[31m[1m>[22m[39m[90m 237 |[39m         [33m<[39m[33mMessageList[39m messages[33m=[39m{messages} 
[33m/[39m[33m>[39m
 [90m     |[39m                      [31m[1m^[22m[39m
 [90m 238 |[39m         [33m<[39m[33mdiv[39m ref[33m=[39m{messagesEndRef} [33m/[39m[33m>[39m
 [90m 239 |[39m       [33m<[39m[33m/[39m[33mdiv[39m[33m>[39m
 [90m 240 |[39m[0m
Next.js build worker exited with code: 1 and signal: null
ΓÇëELIFECYCLEΓÇë Command failed with exit code 1.
